[preppykitchen.com/index.html]
[preppykitchen.com/window.location.href]
[backblue.gif]
[fade.gif]
[index.html]
[preppykitchen.com/wp-content/plugins/wordpress-popular-posts/assets/js/wpp.min9d27.js]
[preppykitchen.com/wp-content/themes/preppy-kitchen/images/search.svg]
[preppykitchen.com/wp-content/uploads/2020/07/Pumpkin-Roll-Cake-Feature-360x495.jpg]
[preppykitchen.com/wp-content/cache/min/1/wp-content/plugins/social-pug/assets/dist/style-frontend-pro5d2f.css]
[preppykitchen.com/i-wrote-a-cookbook/index.html]
[preppykitchen.com/wp-content/plugins/wp-rocket/assets/img/youtube.png]
[preppykitchen.com/xmlrpc0db0.php]
[preppykitchen.com/page/2/index.html]
[preppykitchen.com/feed/index.html]
[preppykitchen.com/Firefox/index.html]
[preppykitchen.com/comments/feed/index.html]
[preppykitchen.com/wp-json/index.html]
[preppykitchen.com/slickstream-code]
[preppykitchen.com/xmlrpc.php]
[preppykitchen.com/wp-content/uploads/2020/04/favicon.png]
[preppykitchen.com/wp-content/uploads/2021/02/preppy-kitchen-logo.png]
[preppykitchen.com/wp-content/uploads/2021/02/preppy-kitchen-logo-mobile.png]
[preppykitchen.com/wp-content/plugins/simple-social-icons/symbol-defs.svg]
[preppykitchen.com/wp-content/uploads/2024/11/Cranberry-Pie-Feature-360x495.jpg]
[preppykitchen.com/wp-content/uploads/2021/05/Turkey-Pot-Pie-Feature-360x495.jpg]
[preppykitchen.com/wp-content/uploads/2023/10/Roasted-Butternut-Squash-Feature-360x495.jpg]
[preppykitchen.com/wp-content/uploads/2024/11/Pumpkin-Meringue-Pie-Feature-360x495.jpg]
[preppykitchen.com/wp-content/uploads/2024/11/Spatchcock-Turkey-Feature-360x495.jpg]
[preppykitchen.com/wp-content/uploads/2023/08/Green-Bean-Casserole-Feature-360x495.jpg]
[preppykitchen.com/wp-content/uploads/2021/09/Roasted-Carrots-feature-360x495.jpg]
[preppykitchen.com/wp-content/uploads/2020/10/pecan-pie-bars-feature--360x495.jpg]
[preppykitchen.com/wp-content/uploads/2024/11/Dinner-Rolls-Feature-360x495.jpg]
[preppykitchen.com/wp-content/uploads/2023/10/Mashed-Potatoes-Feature-360x495.jpg]
[preppykitchen.com/wp-content/uploads/2019/11/Pecan-pie-Feature-new-360x495.jpg]
[preppykitchen.com/wp-content/uploads/2023/11/Pecan-Pie-Cheesecake-Feature-360x495.jpg]
[preppykitchen.com/wp-content/uploads/2020/07/Pumpkin-Roll-Cake-Feature-360x361.jpg]
[preppykitchen.com/wp-content/uploads/2022/07/Cheesecake-feature-new-360x361.jpg]
[preppykitchen.com/wp-content/uploads/2024/10/Dirt-Cake-Feature-360x361.jpg]
[preppykitchen.com/wp-content/uploads/2024/10/Graham-Cracker-Crust-Feature-360x361.jpg]
[preppykitchen.com/wp-content/uploads/2020/09/New-Headshot-Round-60-2.jpg]
[preppykitchen.com/wp-content/uploads/2024/01/Preppy-Kitchen-Super-Easy-Cover-300.jpg]
[preppykitchen.com/wp-content/uploads/2020/04/featured-in-logos-sidebar-compressor.jpg]
[preppykitchen.com/wp-content/uploads/wordpress-popular-posts/15469-featured-185x255.jpg]
[preppykitchen.com/wp-content/uploads/wordpress-popular-posts/17994-featured-185x255.jpg]
[preppykitchen.com/wp-content/uploads/wordpress-popular-posts/26779-featured-185x255.jpg]
[preppykitchen.com/wp-content/uploads/wordpress-popular-posts/4353-featured-185x255.jpg]
[preppykitchen.com/wp-content/uploads/wordpress-popular-posts/854-featured-185x255.jpg]
[preppykitchen.com/wp-content/uploads/wordpress-popular-posts/15511-featured-185x255.jpg]
[preppykitchen.com/wp-content/uploads/2020/04/featured-in-logos-footer.jpg]
[preppykitchen.com/wp-content/plugins/wp-recipe-maker/dist/public-modern.js]
[preppykitchen.com/wp-content/plugins/wp-recipe-maker-premium/dist/public-elite.js]
[preppykitchen.com/recipes/index.html]
[preppykitchen.com/GET]
[preppykitchen.com/category/recipes/desserts/index.html]
[preppykitchen.com/category/recipes/side-dishes/index.html]
[preppykitchen.com/category/recipes/breakfast/index.html]
[preppykitchen.com/wp-content/plugins/wp-rocket/assets/js/lazyload/17.8.3/lazyload.min.js]
[preppykitchen.com/category/recipes/breads/index.html]
[preppykitchen.com/French-Macarons-feature-1200.jpg]
[preppykitchen.com/category/recipes/main-dishes/index.html]
[preppykitchen.com/Double-Chocolate-Chip-Cookies-Feature.jpg]
[preppykitchen.com/index.html]
[preppykitchen.com/category/recipes/salads/index.html]
[preppykitchen.com/category/recipes/soups/index.html]
[preppykitchen.com/category/recipes/instant-pot/index.html]
[preppykitchen.com/category/recipes/casseroles/index.html]
[preppykitchen.com/category/recipes/drinks/index.html]
[preppykitchen.com/category/recipes/appetizers/index.html]
[preppykitchen.com/category/recipes/holiday/index.html]
[preppykitchen.com/meet-john/index.html]
[preppykitchen.com/press/index.html]
[preppykitchen.com/my-new-cookbook/index.html]
[preppykitchen.com/cookbook/index.html]
[preppykitchen.com/shop/index.html]
[preppykitchen.com/contact/index.html]
[preppykitchen.com/index1f8a.html]
[preppykitchen.com/cranberry-pie/index.html]
[preppykitchen.com/turkey-pot-pie/index.html]
[preppykitchen.com/roasted-butternut-squash/index.html]
[preppykitchen.com/spatchcock-turkey/index.html]
[preppykitchen.com/pumpkin-pie-with-mile-high-meringue/index.html]
[preppykitchen.com/green-bean-casserole/index.html]
[preppykitchen.com/roasted-carrots/index.html]
[preppykitchen.com/pecan-pie-bars/index.html]
[preppykitchen.com/dinner-rolls/index.html]
[preppykitchen.com/mashed-potatoes/index.html]
[preppykitchen.com/pecan-pie/index.html]
[preppykitchen.com/category/recipes/index.html]
[preppykitchen.com/pecan-pie-cheesecake/index.html]
[preppykitchen.com/pumpkin-roll/index.html]
[preppykitchen.com/cheesecake-recipe/index.html]
[preppykitchen.com/dirt-cake/index.html]
[preppykitchen.com/graham-cracker-crust/index.html]
[preppykitchen.com/peanut-butter-cookies-recipe/index.html]
[preppykitchen.com/waffle-recipe/index.html]
[preppykitchen.com/oatmeal-chocolate-chip-cookies/index.html]
[preppykitchen.com/vanilla-buttercream/index.html]
[preppykitchen.com/french-macarons/index.html]
[preppykitchen.com/shortbread-cookies-recipe/index.html]
[preppykitchen.com/category/recipes/desserts/cakes/index.html]
[preppykitchen.com/category/recipes/desserts/cookies/index.html]
[preppykitchen.com/category/recipes/desserts/pies/index.html]
[preppykitchen.com/category/recipes/desserts/cupcakes/index.html]
[preppykitchen.com/privacy-policy/index.html]
[preppykitchen.com/i-wrote-a-cookbook/window.location.href]
[preppykitchen.com/wp-content/uploads/2022/02/cropped-PREPPY-KITCHEN-cover-feature-copy.jpg]
[preppykitchen.com/wp-json/wp/v2/posts/47314.json]
[preppykitchen.com/i-wrote-a-cookbook/feed/index.html]
[preppykitchen.com/wp-json/oembed/1.0/embedb90a.json]
[preppykitchen.com/i-wrote-a-cookbook/Firefox/index.html]
[preppykitchen.com/wp-json/oembed/1.0/embedf57d]
[preppykitchen.com/i-wrote-a-cookbook/slickstream-code]
[preppykitchen.com/wp-content/uploads/2022/02/Spring_Classic_Cream_Scones_Dried_Fruit_1311.jpg]
[preppykitchen.com/wp-content/uploads/2022/02/Summer_Blackberry-Balsamic_Pork_Chops_0445.jpg]
[preppykitchen.com/wp-content/uploads/2022/02/Spring_Chocolate_Carrot_Cake_0450-1140x1425.jpg]
[preppykitchen.com/wp-content/uploads/2022/02/Spring_Chocolate_Carrot_Cake_0450.jpg]
[preppykitchen.com/wp-content/uploads/2022/02/s-cropped-Garden_Flower_Portrait_2475-2.jpg]
[preppykitchen.com/wp-content/uploads/2022/02/cookbook-banner-3.png]
[preppykitchen.com/wp-content/plugins/social-pug/assets/dist/front-end-pro.js]
[preppykitchen.com/disclosures/index.html]
[preppykitchen.com/banana-oatmeal-cookies/index.html]
[preppykitchen.com/i-wrote-a-cookbook/GET]
[preppykitchen.com/eton-mess/index.html]
[preppykitchen.com/i-wrote-a-cookbook/French-Macarons-feature-1200.jpg]
[preppykitchen.com/i-wrote-a-cookbook/Double-Chocolate-Chip-Cookies-Feature.jpg]
[preppykitchen.com/i-wrote-a-cookbook/index.html]
[preppykitchen.com/Firefox/index.html]
[preppykitchen.com/window.location.html]
[preppykitchen.com/wp-content/themes/preppy-kitchen/images/search.svg]
[preppykitchen.com/page/2/i]
[preppykitchen.com/page/2/window.location.href]
[preppykitchen.com/page/2/slickstream-code]
[preppykitchen.com/page/2/Firefox/index.html]
[preppykitchen.com/page/3/index.html]
[preppykitchen.com/page/2/GET]
[preppykitchen.com/page/2/French-Macarons-feature-1200.jpg]
[preppykitchen.com/page/2/Double-Chocolate-Chip-Cookies-Feature.jpg]
[preppykitchen.com/page/2/index.html]
[preppykitchen.com/wp-content/cache/min/1/wp-content/plugins/social-pug/assets/dist/style-frontend-pro5d2f.css]
[preppykitchen.com/xmlrpc0db0.html]
[preppykitchen.com/slickstream-code.html]
[preppykitchen.com/xmlrpc.html]
[preppykitchen.com/recipes/window.location.href]
[preppykitchen.com/wp-json/wp/v2/pages/47.json]
[preppykitchen.com/wp-json/oembed/1.0/embed6796.json]
[preppykitchen.com/recipes/Firefox/index.html]
[preppykitchen.com/wp-json/oembed/1.0/embede8c0]
[preppykitchen.com/recipes/slickstream-code]
[preppykitchen.com/wp-content/uploads/2019/01/vanilla-cake-1x1-360x495.jpg]
[preppykitchen.com/wp-content/uploads/2019/01/vanilla-cake-1x1.jpg]
[preppykitchen.com/wp-content/uploads/2018/04/Vanilla-cupcake-sq-360x495.jpg]
[preppykitchen.com/wp-content/uploads/2018/04/Vanilla-cupcake-sq.jpg]
[preppykitchen.com/wp-content/uploads/2019/07/Butter-Cookies-Recipe-360x495.jpg]
[preppykitchen.com/wp-content/uploads/2019/07/Butter-Cookies-Recipe.jpg]
[preppykitchen.com/wp-content/uploads/2019/04/blueberry-pie-top-down-360x495.jpg]
[preppykitchen.com/wp-content/uploads/2019/04/blueberry-pie-top-down.jpg]
[preppykitchen.com/wp-content/uploads/2020/01/Magic-cookie-bars-blog-2-360x495.jpg]
[preppykitchen.com/wp-content/uploads/2020/01/Magic-cookie-bars-blog-2.jpg]
[preppykitchen.com/wp-content/uploads/2017/01/Brandied-Truffles-recipe-360x495.jpg]
[preppykitchen.com/wp-content/uploads/2017/01/Brandied-Truffles-recipe.jpg]
[preppykitchen.com/wp-content/uploads/2021/10/How-to-make-italian-Buttercream-mailchimp-360x495.jpg]
[preppykitchen.com/wp-content/uploads/2021/10/How-to-make-italian-Buttercream-mailchimp.jpg]
[preppykitchen.com/wp-content/uploads/2017/07/chocolate-cake-recipe-2-360x495.jpg]
[preppykitchen.com/wp-content/uploads/2017/07/chocolate-cake-recipe-2.jpg]
[preppykitchen.com/wp-content/uploads/2020/04/main-dish-360x495.jpg]
[preppykitchen.com/wp-content/uploads/2020/04/main-dish.jpg]
[preppykitchen.com/wp-content/uploads/2017/11/Turkey-casserole-1x1-360x495.jpg]
[preppykitchen.com/wp-content/uploads/2017/11/Turkey-casserole-1x1.jpg]
[preppykitchen.com/wp-content/uploads/2020/02/Chicken-and-dumplings-square-Preppy-Kitchen-360x495.jpg]
[preppykitchen.com/wp-content/uploads/2020/02/Chicken-and-dumplings-square-Preppy-Kitchen.jpg]
[preppykitchen.com/wp-content/uploads/2017/06/Shrimp-Scampie-Recipe-new-360x495.jpg]
[preppykitchen.com/wp-content/uploads/2017/06/Shrimp-Scampie-Recipe-new.jpg]
[preppykitchen.com/wp-content/uploads/2020/04/appetizers-360x495.jpg]
[preppykitchen.com/wp-content/uploads/2020/04/appetizers.jpg]
[preppykitchen.com/wp-content/uploads/2023/12/Margherita-Pizza-1x1-1-360x495.jpg]
[preppykitchen.com/wp-content/uploads/2023/12/Margherita-Pizza-1x1-1.jpg]
[preppykitchen.com/wp-content/uploads/2023/12/Pasta-Dough-1x1-1-360x495.jpg]
[preppykitchen.com/wp-content/uploads/2023/12/Pasta-Dough-1x1-1.jpg]
[preppykitchen.com/wp-content/uploads/2023/10/Blueberry-Muffins-Feature-360x495.jpg]
[preppykitchen.com/wp-content/uploads/2023/10/Blueberry-Muffins-Feature.jpg]
[preppykitchen.com/wp-content/uploads/2023/02/pancakes-feature-new-360x495.jpg]
[preppykitchen.com/wp-content/uploads/2023/02/pancakes-feature-new.jpg]
[preppykitchen.com/wp-content/uploads/2023/09/Scones-Blog-1-360x495.jpg]
[preppykitchen.com/wp-content/uploads/2023/09/Scones-Blog-1.jpg]
[preppykitchen.com/wp-content/uploads/2023/12/Gingerbread-Waffles-Feature-360x495.jpg]
[preppykitchen.com/wp-content/uploads/2023/12/Gingerbread-Waffles-Feature.jpg]
[preppykitchen.com/wp-content/uploads/2024/04/Air-Fryer-Sweet-Potato-Fries-Feature-360x495.jpg]
[preppykitchen.com/wp-content/uploads/2024/04/Air-Fryer-Sweet-Potato-Fries-Feature.jpg]
[preppykitchen.com/wp-content/uploads/2019/09/Instant-Pot-Apple-Bourbon-Pork-Tenderloin-700px-Preppy-Kitchen-25-360x495.jpg]
[preppykitchen.com/wp-content/uploads/2019/09/Instant-Pot-Apple-Bourbon-Pork-Tenderloin-700px-Preppy-Kitchen-25.jpg]
[preppykitchen.com/wp-content/uploads/2023/01/Slow-Cooker-Chili-Feature-360x495.jpg]
[preppykitchen.com/wp-content/uploads/2023/01/Slow-Cooker-Chili-Feature.jpg]
[preppykitchen.com/wp-content/uploads/2018/03/Easter-egg-cake-recipe-360x495.jpg]
[preppykitchen.com/wp-content/uploads/2018/03/Easter-egg-cake-recipe.jpg]
[preppykitchen.com/wp-content/uploads/2018/12/Christmas-trees-cake-reicpe-360x495.jpg]
[preppykitchen.com/wp-content/uploads/2018/12/Christmas-trees-cake-reicpe.jpg]
[preppykitchen.com/wp-content/uploads/2017/10/sweet-potato-casserole-recipe-360x450.jpg]
[preppykitchen.com/wp-content/uploads/2017/10/sweet-potato-casserole-recipe.jpg]
[preppykitchen.com/wp-content/uploads/2018/10/Witch-Hat-cupcakes-1x1-360x495.jpg]
[preppykitchen.com/wp-content/uploads/2018/10/Witch-Hat-cupcakes-1x1.jpg]
[preppykitchen.com/wp-content/uploads/2020/01/Chocolate-Covered-Strawberries-recipe-360x495.jpg]
[preppykitchen.com/wp-content/uploads/2020/01/Chocolate-Covered-Strawberries-recipe.jpg]
[preppykitchen.com/wp-content/uploads/2019/10/Cream-of-mushroom-soup-square-preppy-kitchen-360x495.jpg]
[preppykitchen.com/wp-content/uploads/2019/10/Cream-of-mushroom-soup-square-preppy-kitchen.jpg]
[preppykitchen.com/wp-content/uploads/2020/04/salads-360x495.jpg]
[preppykitchen.com/wp-content/uploads/2020/04/salads.jpg]
[preppykitchen.com/wp-content/uploads/2018/01/tea-sandwiches-feature-light-360x495.jpg]
[preppykitchen.com/wp-content/uploads/2018/01/tea-sandwiches-feature-light.jpg]
[preppykitchen.com/wp-content/uploads/2019/03/chocolate-chip-banana-bread-1x1-360x495.jpg]
[preppykitchen.com/wp-content/uploads/2019/03/chocolate-chip-banana-bread-1x1.jpg]
[preppykitchen.com/category/recipes/desserts/brownies-bars/index.html]
[preppykitchen.com/category/recipes/desserts/frostings/index.html]
[preppykitchen.com/category/recipes/chicken/index.html]
[preppykitchen.com/wp-content/uploads/2020/11/Margarita-feature-new-768x1088-1-360x495.jpg]
[preppykitchen.com/category/recipes/shrimp/index.html]
[preppykitchen.com/category/recipes/main-dishes/pizza/index.html]
[preppykitchen.com/wp-content/uploads/2020/11/Margarita-feature-new-768x1088-1.jpg]
[preppykitchen.com/category/recipes/main-dishes/pasta/index.html]
[preppykitchen.com/category/recipes/desserts/candy/index.html]
[preppykitchen.com/category/recipes/breakfast/pancakes/index.html]
[preppykitchen.com/wp-content/uploads/2021/10/Honey-Butter-square-360x495.jpg]
[preppykitchen.com/category/recipes/breakfast/muffins/index.html]
[preppykitchen.com/category/recipes/breakfast/waffles/index.html]
[preppykitchen.com/wp-content/uploads/2021/10/Honey-Butter-square.jpg]
[preppykitchen.com/category/recipes/breakfast/scones/index.html]
[preppykitchen.com/wp-content/uploads/2024/11/Cranberry-Pie-Feature.jpg]
[preppykitchen.com/category/recipes/cooking-method/air-fryer/index.html]
[preppykitchen.com/wp-content/uploads/2021/05/Turkey-Pot-Pie-Feature.jpg]
[preppykitchen.com/category/recipes/cooking-method/index.html]
[preppykitchen.com/category/recipes/cooking-method/slow-cooker/index.html]
[preppykitchen.com/wp-content/uploads/2023/10/Roasted-Butternut-Squash-Feature.jpg]
[preppykitchen.com/category/recipes/holiday/easter/index.html]
[preppykitchen.com/category/recipes/holiday/christmas/index.html]
[preppykitchen.com/category/recipes/holiday/thanksgiving/index.html]
[preppykitchen.com/wp-content/uploads/2024/11/Pumpkin-Meringue-Pie-Feature.jpg]
[preppykitchen.com/category/recipes/holiday/valentines-day/index.html]
[preppykitchen.com/category/recipes/holiday/halloween/index.html]
[preppykitchen.com/wp-content/uploads/2024/11/Spatchcock-Turkey-Feature.jpg]
[preppykitchen.com/category/recipes/sandwiches/index.html]
[preppykitchen.com/wp-content/uploads/2023/08/Green-Bean-Casserole-Feature.jpg]
[preppykitchen.com/category/recipes/toppings-and-condiments/index.html]
[preppykitchen.com/wp-content/uploads/2021/09/Roasted-Carrots-feature.jpg]
[preppykitchen.com/wp-content/uploads/2020/10/pecan-pie-bars-feature-.jpg]
[preppykitchen.com/wp-content/uploads/2024/11/Dinner-Rolls-Feature.jpg]
[preppykitchen.com/wp-content/uploads/2023/10/Mashed-Potatoes-Feature.jpg]
[preppykitchen.com/wp-content/uploads/2019/11/Pecan-pie-Feature-new.jpg]
[preppykitchen.com/wp-content/uploads/2023/11/Pecan-Pie-Cheesecake-Feature.jpg]
[preppykitchen.com/recipes/GET]
[preppykitchen.com/recipes/French-Macarons-feature-1200.jpg]
[preppykitchen.com/recipes/Double-Chocolate-Chip-Cookies-Feature.jpg]
[preppykitchen.com/recipes/index.html]
[preppykitchen.com/category/recipes/desserts/i]
[preppykitchen.com/category/recipes/desserts/window.location.href]
[preppykitchen.com/wp-content/uploads/2019/01/vanilla-cake-1x1-500x500.jpg]
[preppykitchen.com/wp-json/wp/v2/categories/3.json]
[preppykitchen.com/category/recipes/desserts/page/2/index.html]
[preppykitchen.com/category/recipes/desserts/Firefox/index.html]
[preppykitchen.com/category/recipes/desserts/feed/index.html]
[preppykitchen.com/category/recipes/desserts/slickstream-code]
[preppykitchen.com/wp-content/uploads/2018/04/Vanilla-cupcake-sq-500x500.jpg]
[preppykitchen.com/wp-content/uploads/2019/07/Butter-Cookies-Recipe-500x500.jpg]
[preppykitchen.com/wp-content/uploads/2019/04/blueberry-pie-top-down-500x500.jpg]
[preppykitchen.com/wp-content/uploads/2020/01/Magic-cookie-bars-blog-2-500x500.jpg]
[preppykitchen.com/wp-content/uploads/2021/10/How-to-make-italian-Buttercream-mailchimp-500x500.jpg]
[preppykitchen.com/wp-content/uploads/2017/07/chocolate-cake-recipe-2-500x500.jpg]
[preppykitchen.com/wp-content/uploads/2022/07/Cheesecake-feature-new-360x495.jpg]
[preppykitchen.com/wp-content/uploads/2024/10/Dirt-Cake-Feature-360x495.jpg]
[preppykitchen.com/wp-content/uploads/2024/10/Graham-Cracker-Crust-Feature-360x495.jpg]
[preppykitchen.com/wp-content/uploads/2024/10/Ding-Dong-Cake-Feature-360x495.jpg]
[preppykitchen.com/wp-content/uploads/2024/10/Caramel-Apple-Cake-Feature-360x495.jpg]
[preppykitchen.com/wp-content/uploads/2024/10/No-Bake-Pumpkin-Cheesecake-Feature-360x495.jpg]
[preppykitchen.com/wp-content/uploads/2024/09/Apple-Pandowdy-Feature-360x495.jpg]
[preppykitchen.com/wp-content/uploads/2022/03/Cream-Cheese-Frosting-Feature-360x495.jpg]
[preppykitchen.com/wp-content/uploads/2024/09/Oatmeal-Cookies-Feature-360x495.jpg]
[preppykitchen.com/wp-content/uploads/2021/08/Pumpkin-Snickerdoodles-Feature-360x495.jpg]
[preppykitchen.com/wp-content/uploads/2024/09/Air-Fryer-Hand-Pies-Feature-360x495.jpg]
[preppykitchen.com/wp-content/uploads/2020/06/Alfajores-Feature-3-360x495.jpg]
[preppykitchen.com/wp-content/uploads/2024/09/Apple-Pie-Filling-Feature-360x495.jpg]
[preppykitchen.com/wp-content/uploads/2023/10/Snickerdoodle-Recipe-Feature-360x495.jpg]
[preppykitchen.com/wp-content/uploads/2024/09/Pumpkin-Chocolate-Chip-Cookies-Feature-360x495.jpg]
[preppykitchen.com/funfetti-cake-2/index.html]
[preppykitchen.com/wp-content/uploads/2020/08/pumpkin-bars-feature-360x495.jpg]
[preppykitchen.com/sugar-cookies/index.html]
[preppykitchen.com/moist-vanilla-cupcake-recipe/index.html]
[preppykitchen.com/ding-dong-cake/index.html]
[preppykitchen.com/wp-content/uploads/2024/09/Pumpkin-Bread-Feature-360x495.jpg]
[preppykitchen.com/no-bake-pumpkin-cheesecake/index.html]
[preppykitchen.com/apple-pandowdy/index.html]
[preppykitchen.com/apple-cake/index.html]
[preppykitchen.com/wp-content/uploads/2020/06/Apple-Crisp-Feature-360x495.jpg]
[preppykitchen.com/cream-cheese-frosting/index.html]
[preppykitchen.com/oatmeal-cookies/index.html]
[preppykitchen.com/pumpkin-snickerdoodles/index.html]
[preppykitchen.com/category/recipes/desserts/GET]
[preppykitchen.com/air-fryer-hand-pies/index.html]
[preppykitchen.com/category/recipes/desserts/French-Macarons-feature-1200.jpg]
[preppykitchen.com/apple-pie-filling/index.html]
[preppykitchen.com/alfajores/index.html]
[preppykitchen.com/category/recipes/desserts/Double-Chocolate-Chip-Cookies-Feature.jpg]
[preppykitchen.com/category/recipes/desserts/index.html]
[preppykitchen.com/snickerdoodle-cookies-recipe/index.html]
[preppykitchen.com/pumpkin-bars/index.html]
[preppykitchen.com/pumpkin-bread/index.html]
[preppykitchen.com/pumpkin-chocolate-chip-cookies/index.html]
[preppykitchen.com/category/recipes/breakfast/i]
[preppykitchen.com/apple-crisp/index.html]
[preppykitchen.com/category/recipes/desserts/page/3/index.html]
[preppykitchen.com/category/recipes/breakfast/window.location.href]
[preppykitchen.com/category/recipes/desserts/page/25/index.html]
[preppykitchen.com/wp-json/wp/v2/categories/5204.json]
[preppykitchen.com/category/recipes/breakfast/Firefox/index.html]
[preppykitchen.com/category/recipes/breakfast/feed/index.html]
[preppykitchen.com/category/recipes/breakfast/page/2/index.html]
[preppykitchen.com/category/recipes/breakfast/slickstream-code]
[preppykitchen.com/wp-content/uploads/2023/10/Blueberry-Muffins-Feature-334x500.jpg]
[preppykitchen.com/wp-content/uploads/2023/02/pancakes-feature-new-353x500.jpg]
[preppykitchen.com/wp-content/uploads/2023/09/Scones-Blog-1-334x500.jpg]
[preppykitchen.com/wp-content/uploads/2023/12/Gingerbread-Waffles-Feature-333x500.jpg]
[preppykitchen.com/wp-content/uploads/2024/09/Air-Fryer-Apple-Fritters-Feature-360x495.jpg]
[preppykitchen.com/wp-content/uploads/2022/08/Apple-Muffin-Feature-360x495.jpg]
[preppykitchen.com/wp-content/uploads/2020/08/Apple-turnover-feature-360x495.jpg]
[preppykitchen.com/wp-content/uploads/2024/08/Breakfast-Burritos-Feature-360x495.jpg]
[preppykitchen.com/wp-content/uploads/2021/09/Pumpkin-Scones-feature1-360x495.jpg]
[preppykitchen.com/wp-content/uploads/2021/09/French-Toast-Casserole-feature-360x495.jpg]
[preppykitchen.com/wp-content/uploads/2024/08/Sourdough-Pancakes-Feature-360x495.jpg]
[preppykitchen.com/wp-content/uploads/2024/08/Biscuits-and-Gravy-Feature-360x495.jpg]
[preppykitchen.com/wp-content/uploads/2024/08/Air-Fryer-Hash-Browns-Feature-360x495.jpg]
[preppykitchen.com/wp-content/uploads/2024/08/Apple-Pancakes-Feature-360x495.jpg]
[preppykitchen.com/wp-content/uploads/2017/10/Zucchini-muffins-feature-360x495.jpg]
[preppykitchen.com/wp-content/uploads/2024/06/Buttermilk-Biscuits-Feature-360x495.jpg]
[preppykitchen.com/wp-content/uploads/2024/06/Breakfast-Tacos-Feature-360x495.jpg]
[preppykitchen.com/wp-content/uploads/2024/06/Cinnamon-Rolls-Feature-360x495.jpg]
[preppykitchen.com/wp-content/uploads/2024/05/Eggs-in-Purgatory-Feature-360x495.jpg]
[preppykitchen.com/wp-content/uploads/2023/01/Bomboloni-Feature-360x495.jpg]
[preppykitchen.com/wp-content/uploads/2024/03/Lemon-Scones-Feature-360x495.jpg]
[preppykitchen.com/wp-content/uploads/2021/04/Banana-Pancakes-Feature-360x495.jpg]
[preppykitchen.com/wp-content/uploads/2024/03/Huevos-Rancheros-Feature-360x495.jpg]
[preppykitchen.com/pancake-recipe/index.html]
[preppykitchen.com/wp-content/uploads/2024/03/Candied-Bacon-Feature-360x495.jpg]
[preppykitchen.com/belgian-waffles/index.html]
[preppykitchen.com/french-toast-casserole/index.html]
[preppykitchen.com/wp-content/uploads/2024/03/Yogurt-Parfait-Feature-360x495.jpg]
[preppykitchen.com/air-fryer-apple-fritter/index.html]
[preppykitchen.com/apple-muffins/index.html]
[preppykitchen.com/apple-turnovers/index.html]
[preppykitchen.com/wp-content/uploads/2024/02/Carrot-Muffins-Feature-360x495.jpg]
[preppykitchen.com/breakfast-burritos/index.html]
[preppykitchen.com/pumpkin-scones/index.html]
[preppykitchen.com/sourdough-pancakes/index.html]
[preppykitchen.com/wp-content/uploads/2024/02/Breakfast-Potatoes-Feature-360x495.jpg]
[preppykitchen.com/biscuits-and-gravy/index.html]
[preppykitchen.com/wp-content/uploads/2024/02/Chocolate-Chip-Pancakes-Feature-360x495.jpg]
[preppykitchen.com/apple-pancakes/index.html]
[preppykitchen.com/air-fryer-hash-browns/index.html]
[preppykitchen.com/healthy-zucchini-muffins/index.html]
[preppykitchen.com/category/recipes/breakfast/GET]
[preppykitchen.com/breakfast-tacos/index.html]
[preppykitchen.com/honey-butter-biscuit/index.html]
[preppykitchen.com/category/recipes/breakfast/French-Macarons-feature-1200.jpg]
[preppykitchen.com/eggs-in-purgatory/index.html]
[preppykitchen.com/skillet-cinnamon-rolls/index.html]
[preppykitchen.com/category/recipes/breakfast/Double-Chocolate-Chip-Cookies-Feature.jpg]
[preppykitchen.com/category/recipes/breakfast/index.html]
[preppykitchen.com/bomboloni/index.html]
[preppykitchen.com/banana-pancakes/index.html]
[preppykitchen.com/lemon-scones/index.html]
[preppykitchen.com/huevos-rancheros/index.html]
[preppykitchen.com/category/recipes/main-dishes/i]
[preppykitchen.com/candied-bacon/index.html]
[preppykitchen.com/yogurt-parfait/index.html]
[preppykitchen.com/carrot-muffins/index.html]
[preppykitchen.com/breakfast-potatoes/index.html]
[preppykitchen.com/category/recipes/main-dishes/window.location.href]
[preppykitchen.com/chocolate-chip-pancakes/index.html]
[preppykitchen.com/category/recipes/breakfast/page/3/index.html]
[preppykitchen.com/category/recipes/breakfast/page/5/index.html]
[preppykitchen.com/wp-json/wp/v2/categories/8542.json]
[preppykitchen.com/category/recipes/main-dishes/page/2/index.html]
[preppykitchen.com/category/recipes/main-dishes/Firefox/index.html]
[preppykitchen.com/category/recipes/main-dishes/feed/index.html]
[preppykitchen.com/category/recipes/main-dishes/slickstream-code]
[preppykitchen.com/wp-content/uploads/2020/04/main-dish-330x330.jpg]
[preppykitchen.com/wp-content/uploads/2017/11/Turkey-casserole-1x1-330x330.jpg]
[preppykitchen.com/wp-content/uploads/2020/02/Chicken-and-dumplings-square-Preppy-Kitchen-330x330.jpg]
[preppykitchen.com/wp-content/uploads/2017/06/Shrimp-Scampie-Recipe-new-330x330.jpg]
[preppykitchen.com/wp-content/uploads/2019/10/Cream-of-mushroom-soup-square-preppy-kitchen-330x330.jpg]
[preppykitchen.com/wp-content/uploads/2020/04/salads-330x330.jpg]
[preppykitchen.com/wp-content/uploads/2020/04/appetizers-330x330.jpg]
[preppykitchen.com/wp-content/uploads/2019/09/Instant-Pot-Apple-Bourbon-Pork-Tenderloin-700px-Preppy-Kitchen-25-330x330.jpg]
[preppykitchen.com/wp-content/uploads/2019/08/French-Toast-1x1-330x330.jpg]
[preppykitchen.com/wp-content/uploads/2022/10/How-to-Cook-a-Turkey-Feature-360x495.jpg]
[preppykitchen.com/wp-content/uploads/2024/09/Lamb-Stew-Feature-360x495.jpg]
[preppykitchen.com/wp-content/uploads/2024/09/Falafel-Feature-360x495.jpg]
[preppykitchen.com/wp-content/uploads/2024/09/Ground-Beef-Tacos-Feature-360x495.jpg]
[preppykitchen.com/wp-content/uploads/2024/09/Instant-Pot-Meatloaf-Feature-360x495.jpg]
[preppykitchen.com/wp-content/uploads/2024/09/Salisbury-Steak-Feature-360x495.jpg]
[preppykitchen.com/wp-content/uploads/2024/08/Pizza-Sauce-Feature-360x495.jpg]
[preppykitchen.com/wp-content/uploads/2024/08/Air-Fryer-Pork-Chops-Feature-360x495.jpg]
[preppykitchen.com/wp-content/uploads/2024/08/Bruschetta-Chicken-Feature-360x495.jpg]
[preppykitchen.com/wp-content/uploads/2024/08/Smash-Burger-Feature-360x495.jpg]
[preppykitchen.com/wp-content/uploads/2024/08/Grilled-Cheese-Feature-360x495.jpg]
[preppykitchen.com/wp-content/uploads/2024/08/Vodka-Sauce-Feature-360x495.jpg]
[preppykitchen.com/wp-content/uploads/2024/07/Thai-Red-Curry-Feature-360x495.jpg]
[preppykitchen.com/wp-content/uploads/2024/07/BBQ-Chicken-Feature-360x495.jpg]
[preppykitchen.com/wp-content/uploads/2023/02/Chicken-Alfredo-Feature-360x495.jpg]
[preppykitchen.com/wp-content/uploads/2024/05/Air-Fryer-Orange-Chicken-Feature-360x495.jpg]
[preppykitchen.com/wp-content/uploads/2024/05/Lettuce-Wraps-Feature-360x495.jpg]
[preppykitchen.com/wp-content/uploads/2024/05/Instant-Pot-Chicken-Alfredo-Feature-360x495.jpg]
[preppykitchen.com/wp-content/uploads/2024/05/Shrimp-Linguine-Feature-360x495.jpg]
[preppykitchen.com/wp-content/uploads/2024/03/Fried-Rice-Feature-360x495.jpg]
[preppykitchen.com/wp-content/uploads/2024/03/Air-Fryer-Salmon-Feature-360x495.jpg]
[preppykitchen.com/wp-content/uploads/2024/03/Tostada-Feature-360x495.jpg]
[preppykitchen.com/chicken-marsala/index.html]
[preppykitchen.com/category/recipes/main-dishes/GET]
[preppykitchen.com/penne-alla-vodka/index.html]
[preppykitchen.com/lamb-stew/index.html]
[preppykitchen.com/falafel/index.html]
[preppykitchen.com/how-to-cook-a-turkey/index.html]
[preppykitchen.com/category/recipes/main-dishes/French-Macarons-feature-1200.jpg]
[preppykitchen.com/instant-pot-meatloaf/index.html]
[preppykitchen.com/category/recipes/main-dishes/Double-Chocolate-Chip-Cookies-Feature.jpg]
[preppykitchen.com/category/recipes/main-dishes/index.html]
[preppykitchen.com/ground-beef-tacos/index.html]
[preppykitchen.com/pizza-sauce/index.html]
[preppykitchen.com/salisbury-steak/index.html]
[preppykitchen.com/air-fryer-pork-chops/index.html]
[preppykitchen.com/category/recipes/side-dishes/i]
[preppykitchen.com/bruschetta-chicken/index.html]
[preppykitchen.com/smash-burger/index.html]
[preppykitchen.com/gourmet-grilled-cheese-2/index.html]
[preppykitchen.com/vodka-sauce/index.html]
[preppykitchen.com/category/recipes/side-dishes/window.location.href]
[preppykitchen.com/thai-red-curry/index.html]
[preppykitchen.com/bbq-chicken/index.html]
[preppykitchen.com/wp-json/wp/v2/categories/8471.json]
[preppykitchen.com/chicken-alfredo/index.html]
[preppykitchen.com/air-fryer-orange-chicken/index.html]
[preppykitchen.com/category/recipes/side-dishes/slickstream-code]
[preppykitchen.com/instant-pot-chicken-alfredo/index.html]
[preppykitchen.com/lettuce-wraps/index.html]
[preppykitchen.com/shrimp-linguine/index.html]
[preppykitchen.com/fried-rice/index.html]
[preppykitchen.com/wp-content/uploads/2024/10/Sweet-Potato-Casserole-Feature-360x495.jpg]
[preppykitchen.com/tostada/index.html]
[preppykitchen.com/air-fryer-salmon/index.html]
[preppykitchen.com/category/recipes/main-dishes/page/3/index.html]
[preppykitchen.com/wp-content/uploads/2023/10/Cranberry-Sauce-Feature-360x495.jpg]
[preppykitchen.com/category/recipes/main-dishes/page/8/index.html]
[preppykitchen.com/category/recipes/side-dishes/page/2/index.html]
[preppykitchen.com/wp-content/uploads/2024/10/Sausage-Stuffing-Feature-360x495.jpg]
[preppykitchen.com/category/recipes/side-dishes/feed/index.html]
[preppykitchen.com/category/recipes/side-dishes/Firefox/index.html]
[preppykitchen.com/wp-content/uploads/2024/10/Gravy-Feature-360x495.jpg]
[preppykitchen.com/sweet-potato-casserole-with-pecan-topping/index.html]
[preppykitchen.com/creamed-spinach/index.html]
[preppykitchen.com/wp-content/uploads/2024/10/Air-Fryer-Tofu-Feature-360x495.jpg]
[preppykitchen.com/cornbread-recipe/index.html]
[preppykitchen.com/wp-content/uploads/2024/09/Roasted-Asparagus-Feature-360x495.jpg]
[preppykitchen.com/cranberry-sauce/index.html]
[preppykitchen.com/sausage-stuffing/index.html]
[preppykitchen.com/wp-content/uploads/2024/09/Air-Fryer-Potatoes-Feature-360x495.jpg]
[preppykitchen.com/gravy/index.html]
[preppykitchen.com/wp-content/uploads/2024/08/Baked-Sweet-Potato-Feature-360x495.jpg]
[preppykitchen.com/air-fryer-tofu/index.html]
[preppykitchen.com/roasted-asparagus/index.html]
[preppykitchen.com/wp-content/uploads/2024/08/Watergate-Salad-Feature-360x495.jpg]
[preppykitchen.com/air-fryer-potatoes/index.html]
[preppykitchen.com/wp-content/uploads/2021/09/Fried-Apples-feature-360x495.jpg]
[preppykitchen.com/baked-sweet-potato/index.html]
[preppykitchen.com/watergate-salad/index.html]
[preppykitchen.com/wp-content/uploads/2024/07/Instant-Pot-Black-Beans-Feature-360x495.jpg]
[preppykitchen.com/fried-apples/index.html]
[preppykitchen.com/wp-content/uploads/2024/07/Garlic-Mashed-Potatoes-Feature-360x495.jpg]
[preppykitchen.com/instant-pot-black-beans/index.html]
[preppykitchen.com/wp-content/uploads/2024/07/Instant-Pot-Mashed-Potatoes-Feature-360x495.jpg]
[preppykitchen.com/garlic-mashed-potatoes/index.html]
[preppykitchen.com/instant-pot-mashed-potatoes/index.html]
[preppykitchen.com/wp-content/uploads/2024/06/Elote-Feature-360x495.jpg]
[preppykitchen.com/elote/index.html]
[preppykitchen.com/wp-content/uploads/2024/06/Coleslaw-Feature-360x495.jpg]
[preppykitchen.com/coleslaw/index.html]
[preppykitchen.com/wp-content/uploads/2024/05/Air-Fryer-Asparagus-Feature-360x495.jpg]
[preppykitchen.com/wp-content/uploads/2024/05/Homemade-Potato-Chips-Feature-360x495.jpg]
[preppykitchen.com/wp-content/uploads/2024/04/Air-Fryer-Tater-Tots-Feature-360x495.jpg]
[preppykitchen.com/wp-content/uploads/2024/04/Rice-Pilaf-Feature-360x495.jpg]
[preppykitchen.com/wp-content/uploads/2024/04/Instant-Pot-Sweet-Potatoes-Feature-360x495.jpg]
[preppykitchen.com/air-fryer-asparagus/index.html]
[preppykitchen.com/homemade-potato-chips/index.html]
[preppykitchen.com/category/recipes/side-dishes/GET]
[preppykitchen.com/air-fryer-tater-tots/index.html]
[preppykitchen.com/rice-pilaf/index.html]
[preppykitchen.com/instant-pot-sweet-potatoes/index.html]
[preppykitchen.com/category/recipes/side-dishes/page/3/index.html]
[preppykitchen.com/category/recipes/side-dishes/French-Macarons-feature-1200.jpg]
[preppykitchen.com/category/recipes/side-dishes/page/5/index.html]
[preppykitchen.com/category/recipes/side-dishes/Double-Chocolate-Chip-Cookies-Feature.jpg]
[preppykitchen.com/category/recipes/side-dishes/index.html]
[preppykitchen.com/category/recipes/breads/i]
[preppykitchen.com/category/recipes/breads/window.location.href]
[preppykitchen.com/wp-json/wp/v2/categories/6230.json]
[preppykitchen.com/category/recipes/breads/page/2/index.html]
[preppykitchen.com/category/recipes/breads/slickstream-code]
[preppykitchen.com/category/recipes/breads/Firefox/index.html]
[preppykitchen.com/category/recipes/breads/feed/index.html]
[preppykitchen.com/wp-content/uploads/2024/09/Blueberry-Bread-Feature-360x495.jpg]
[preppykitchen.com/wp-content/uploads/2024/09/Milk-Bread-Feature-360x495.jpg]
[preppykitchen.com/wp-content/uploads/2024/08/White-Bread-Feature-360x495.jpg]
[preppykitchen.com/wp-content/uploads/2022/08/Apple-Bread-Feature-360x495.jpg]
[preppykitchen.com/wp-content/uploads/2022/08/Chocolate-Zucchini-Bread-Feature-360x495.jpg]
[preppykitchen.com/wp-content/uploads/2019/01/zucchini-bread-feature-360x495.jpg]
[preppykitchen.com/wp-content/uploads/2024/06/Burger-Buns-Feature-360x495.jpg]
[preppykitchen.com/wp-content/uploads/2024/05/Rye-Bread-Feature-360x495.jpg]
[preppykitchen.com/wp-content/uploads/2024/04/Cloud-Bread-Feature-360x495.jpg]
[preppykitchen.com/wp-content/uploads/2024/03/Tsoureki-Feature-360x495.jpg]
[preppykitchen.com/wp-content/uploads/2024/02/Hot-Cross-Buns-Feature-360x495.jpg]
[preppykitchen.com/banana-bread/index.html]
[preppykitchen.com/wp-content/uploads/2024/02/Italian-Bread-Feature-360x495.jpg]
[preppykitchen.com/blueberry-bread/index.html]
[preppykitchen.com/tsoureki-greek-braided-bread/index.html]
[preppykitchen.com/wp-content/uploads/2024/02/Corn-Tortillas-Feature-360x495.jpg]
[preppykitchen.com/milk-bread/index.html]
[preppykitchen.com/wp-content/uploads/2018/01/Irish-Soda-Bread-Feature-1-360x495.jpg]
[preppykitchen.com/white-bread/index.html]
[preppykitchen.com/wp-content/uploads/2018/04/pizza-dough-feature-image-360x495.jpg]
[preppykitchen.com/chocolate-zucchini-bread/index.html]
[preppykitchen.com/apple-bread/index.html]
[preppykitchen.com/wp-content/uploads/2021/12/Banana-Muffin-Feature-360x495.jpg]
[preppykitchen.com/maple-walnut-zucchini-bread/index.html]
[preppykitchen.com/hamburger-buns-recipe/index.html]
[preppykitchen.com/rye-bread/index.html]
[preppykitchen.com/wp-content/uploads/2023/11/Stollen-Feature-360x495.jpg]
[preppykitchen.com/cloud-bread/index.html]
[preppykitchen.com/wp-content/uploads/2023/10/French-Bread-Feature-360x495.jpg]
[preppykitchen.com/hot-cross-buns/index.html]
[preppykitchen.com/wp-content/uploads/2023/10/Potato-Bread-Feature-360x495.jpg]
[preppykitchen.com/corn-tortillas/index.html]
[preppykitchen.com/italian-bread/index.html]
[preppykitchen.com/irish-soda-bread/index.html]
[preppykitchen.com/category/recipes/breads/GET]
[preppykitchen.com/spring-pizzas/index.html]
[preppykitchen.com/banana-muffins/index.html]
[preppykitchen.com/category/recipes/breads/French-Macarons-feature-1200.jpg]
[preppykitchen.com/stollen/index.html]
[preppykitchen.com/french-bread/index.html]
[preppykitchen.com/category/recipes/breads/Double-Chocolate-Chip-Cookies-Feature.jpg]
[preppykitchen.com/category/recipes/breads/index.html]
[preppykitchen.com/category/recipes/breads/page/3/index.html]
[preppykitchen.com/potato-bread/index.html]
[preppykitchen.com/category/recipes/soups/i]
[preppykitchen.com/category/recipes/soups/window.location.href]
[preppykitchen.com/wp-json/wp/v2/categories/4408.json]
[preppykitchen.com/category/recipes/soups/page/2/index.html]
[preppykitchen.com/category/recipes/soups/Firefox/index.html]
[preppykitchen.com/category/recipes/soups/slickstream-code]
[preppykitchen.com/category/recipes/soups/feed/index.html]
[preppykitchen.com/wp-content/uploads/2024/10/Turkey-Stock-Feature-360x495.jpg]
[preppykitchen.com/wp-content/uploads/2024/10/Turkey-Noodle-Soup-Feature-360x495.jpg]
[preppykitchen.com/wp-content/uploads/2024/09/Sweet-Potato-Soup-Feature-360x495.jpg]
[preppykitchen.com/wp-content/uploads/2024/09/Carrot-Soup-Feature-360x495.jpg]
[preppykitchen.com/wp-content/uploads/2023/01/Asparagus-Soup-Feature-360x495.jpg]
[preppykitchen.com/taco-soup/index.html]
[preppykitchen.com/vegetable-soup/index.html]
[preppykitchen.com/wp-content/uploads/2023/01/Chicken-and-Rice-Soup-Feature-360x495.jpg]
[preppykitchen.com/turkey-stock/index.html]
[preppykitchen.com/lentil-soup/index.html]
[preppykitchen.com/wp-content/uploads/2023/02/Potato-Leek-Soup-Feature-360x495.jpg]
[preppykitchen.com/turkey-noodle-soup/index.html]
[preppykitchen.com/sweet-potato-soup/index.html]
[preppykitchen.com/wp-content/uploads/2024/02/Chicken-Enchilada-Soup-Feature-360x495.jpg]
[preppykitchen.com/carrot-soup/index.html]
[preppykitchen.com/asparagus-soup/index.html]
[preppykitchen.com/chicken-and-rice-soup/index.html]
[preppykitchen.com/wp-content/uploads/2024/02/Sopa-de-Fideo-Feature-360x495.jpg]
[preppykitchen.com/potato-leek-soup/index.html]
[preppykitchen.com/chicken-enchilada-soup/index.html]
[preppykitchen.com/sopa-de-fideo/index.html]
[preppykitchen.com/wp-content/uploads/2023/01/Tortellini-Soup-Feature-360x495.jpg]
[preppykitchen.com/tortellini-soup/index.html]
[preppykitchen.com/wp-content/uploads/2023/01/Split-Pea-Soup-Feature-360x495.jpg]
[preppykitchen.com/split-pea-soup/index.html]
[preppykitchen.com/wp-content/uploads/2023/01/Corn-Chowder-Feature-360x495.jpg]
[preppykitchen.com/corn-chowder/index.html]
[preppykitchen.com/wp-content/uploads/2022/02/Vegetable-Soup-Feature-360x495.jpg]
[preppykitchen.com/wp-content/uploads/2023/02/Cauliflower-Soup-Feature-360x495.jpg]
[preppykitchen.com/wp-content/uploads/2023/01/Black-Bean-Soup-Feature-360x495.jpg]
[preppykitchen.com/wp-content/uploads/2023/01/Cabbage-Soup-Feature-360x495.jpg]
[preppykitchen.com/wp-content/uploads/2023/01/Italian-Wedding-Soup-Feature-360x495.jpg]
[preppykitchen.com/wp-content/uploads/2022/02/Chicken-Noodle-Soup-Feature-360x495.jpg]
[preppykitchen.com/wp-content/uploads/2023/01/White-Chicken-Chili-Feature-360x495.jpg]
[preppykitchen.com/wp-content/uploads/2024/01/Beef-Stew-Feature-360x495.jpg]
[preppykitchen.com/wp-content/uploads/2023/02/Cream-of-Mushroom-Soup-Feature-360x495.jpg]
[preppykitchen.com/wp-content/uploads/2024/01/Turkey-Chili-Feature-360x495.jpg]
[preppykitchen.com/wp-content/uploads/2024/01/Potato-Soup-Feature-360x495.jpg]
[preppykitchen.com/cauliflower-soup/index.html]
[preppykitchen.com/cabbage-soup/index.html]
[preppykitchen.com/category/recipes/soups/GET]
[preppykitchen.com/black-bean-soup/index.html]
[preppykitchen.com/italian-wedding-soup/index.html]
[preppykitchen.com/chicken-noodle-soup/index.html]
[preppykitchen.com/white-chicken-chili/index.html]
[preppykitchen.com/category/recipes/soups/French-Macarons-feature-1200.jpg]
[preppykitchen.com/cream-of-mushroom-soup/index.html]
[preppykitchen.com/beef-stew/index.html]
[preppykitchen.com/turkey-chili-verde/index.html]
[preppykitchen.com/category/recipes/soups/Double-Chocolate-Chip-Cookies-Feature.jpg]
[preppykitchen.com/category/recipes/soups/index.html]
[preppykitchen.com/potato-soup/index.html]
[preppykitchen.com/category/recipes/salads/i]
[preppykitchen.com/category/recipes/salads/window.location.href]
[preppykitchen.com/wp-json/wp/v2/categories/8474.json]
[preppykitchen.com/category/recipes/salads/feed/index.html]
[preppykitchen.com/category/recipes/salads/Firefox/index.html]
[preppykitchen.com/category/recipes/salads/slickstream-code]
[preppykitchen.com/wp-content/uploads/2024/02/Curried-Chicken-Salad-Feature-360x495.jpg]
[preppykitchen.com/wp-content/uploads/2023/10/Waldorf-Salad-Feature-360x495.jpg]
[preppykitchen.com/wp-content/uploads/2023/08/Nicoise-Salad-Feature-360x495.jpg]
[preppykitchen.com/greek-salad/index.html]
[preppykitchen.com/watermelon-salad/index.html]
[preppykitchen.com/wp-content/uploads/2023/05/Roasted-Vegetable-Salad-Feature-360x495.jpg]
[preppykitchen.com/curried-chicken-salad/index.html]
[preppykitchen.com/waldorf-salad/index.html]
[preppykitchen.com/nicoise-salad/index.html]
[preppykitchen.com/wp-content/uploads/2023/05/Shrimp-Salad-Feature-360x495.jpg]
[preppykitchen.com/shrimp-beet-salad/index.html]
[preppykitchen.com/roasted-vegetable-salad/index.html]
[preppykitchen.com/wp-content/uploads/2022/11/Kale-Salad-Feature-360x495.jpg]
[preppykitchen.com/kale-salad/index.html]
[preppykitchen.com/wp-content/uploads/2022/10/Brussel-Spout-Salad-Feature-360x495.jpg]
[preppykitchen.com/brussel-sprout-salad/index.html]
[preppykitchen.com/wp-content/uploads/2022/08/Chicken-Salad-Feature-360x495.jpg]
[preppykitchen.com/chicken-salad-recipe/index.html]
[preppykitchen.com/wp-content/uploads/2022/08/Cucumber-Tomato-Salad-Feature-360x495.jpg]
[preppykitchen.com/wp-content/uploads/2022/05/Taco-Salad-Feature1-360x495.jpg]
[preppykitchen.com/wp-content/uploads/2022/04/Tuna-Salad-Feature-360x495.jpg]
[preppykitchen.com/wp-content/uploads/2021/07/Watermelon-Salad-Feature-1-360x495.jpg]
[preppykitchen.com/wp-content/uploads/2018/12/Panzanella-salad-feature-360x495.jpg]
[preppykitchen.com/wp-content/uploads/2019/05/cucumber-Salad-feature-360x495.jpg]
[preppykitchen.com/wp-content/uploads/2018/04/Strawberry-Salad-1-feature-360x495.jpg]
[preppykitchen.com/wp-content/uploads/2019/01/avocado-salad-feature-360x495.jpg]
[preppykitchen.com/wp-content/uploads/2020/02/Fruit-Salad-feature-360x495.jpg]
[preppykitchen.com/wp-content/uploads/2017/04/caprese-2-360x495.jpg]
[preppykitchen.com/wp-content/uploads/2017/10/persimmon-feature-e1536603327223-360x495.jpg]
[preppykitchen.com/wp-content/uploads/2019/04/Greek-Salad-Feature-360x495.jpg]
[preppykitchen.com/cucumber-tomato-salad/index.html]
[preppykitchen.com/taco-salad/index.html]
[preppykitchen.com/category/recipes/salads/GET]
[preppykitchen.com/tuna-salad/index.html]
[preppykitchen.com/cucumber-salad/index.html]
[preppykitchen.com/panzanella-salad/index.html]
[preppykitchen.com/walnut-strawberry-salad/index.html]
[preppykitchen.com/category/recipes/salads/French-Macarons-feature-1200.jpg]
[preppykitchen.com/avocado-salad/index.html]
[preppykitchen.com/category/recipes/salads/Double-Chocolate-Chip-Cookies-Feature.jpg]
[preppykitchen.com/category/recipes/salads/index.html]
[preppykitchen.com/caprese-salad/index.html]
[preppykitchen.com/fruit-salad/index.html]
[preppykitchen.com/category/recipes/casseroles/i]
[preppykitchen.com/persimmon-salad/index.html]
[preppykitchen.com/category/recipes/casseroles/window.location.href]
[preppykitchen.com/wp-json/wp/v2/categories/4412.json]
[preppykitchen.com/category/recipes/casseroles/feed/index.html]
[preppykitchen.com/category/recipes/casseroles/Firefox/index.html]
[preppykitchen.com/category/recipes/casseroles/slickstream-code]
[preppykitchen.com/wp-content/uploads/2024/03/Taco-Casserole-Feature-360x495.jpg]
[preppykitchen.com/wp-content/uploads/2024/01/Chicken-Divan-Feature-360x495.jpg]
[preppykitchen.com/wp-content/uploads/2023/11/Breakfast-Casserole-Feature-360x495.jpg]
[preppykitchen.com/wp-content/uploads/2023/10/Cauliflower-Gratin-Feature-360x495.jpg]
[preppykitchen.com/wp-content/uploads/2023/10/Turkey-Casserole-R-Feature-360x495.jpg]
[preppykitchen.com/wp-content/uploads/2023/10/Corn-Casserole-Feature-360x495.jpg]
[preppykitchen.com/wp-content/uploads/2023/08/Squash-Casserole-Feature-360x495.jpg]
[preppykitchen.com/wp-content/uploads/2023/08/Baked-Mac-and-Cheese-R-Feature-360x495.jpg]
[preppykitchen.com/wp-content/uploads/2023/07/Broccoli-Casserole-Feature-360x495.jpg]
[preppykitchen.com/wp-content/uploads/2023/07/Tuna-Casserole-Feature-360x495.jpg]
[preppykitchen.com/wp-content/uploads/2023/06/Lasagna-Feature-360x495.jpg]
[preppykitchen.com/wp-content/uploads/2023/05/Baked-Rigatoni-Feature-360x495.jpg]
[preppykitchen.com/wp-content/uploads/2023/03/Shepherd_s-Pie-Feature-360x495.jpg]
[preppykitchen.com/wp-content/uploads/2023/01/Hashbrown-Casserole-Feature-360x495.jpg]
[preppykitchen.com/wp-content/uploads/2021/10/Chicken-Spaghetti-Feature-360x495.jpg]
[preppykitchen.com/wp-content/uploads/2021/10/Chicken-Casserole-Feature-360x495.jpg]
[preppykitchen.com/wp-content/uploads/2020/12/tetrazzini-feature-360x495.jpg]
[preppykitchen.com/wp-content/uploads/2019/11/Tater-Tot-Casserole1200px-Preppy-Kitchen-1-360x495.jpg]
[preppykitchen.com/mac-and-cheese/index.html]
[preppykitchen.com/category/recipes/casseroles/GET]
[preppykitchen.com/taco-casserole/index.html]
[preppykitchen.com/chicken-divan/index.html]
[preppykitchen.com/breakfast-casserole/index.html]
[preppykitchen.com/cauliflower-gratin/index.html]
[preppykitchen.com/category/recipes/casseroles/French-Macarons-feature-1200.jpg]
[preppykitchen.com/corn-casserole/index.html]
[preppykitchen.com/spicy-turkey-casserole/index.html]
[preppykitchen.com/squash-casserole/index.html]
[preppykitchen.com/category/recipes/casseroles/Double-Chocolate-Chip-Cookies-Feature.jpg]
[preppykitchen.com/category/recipes/casseroles/index.html]
[preppykitchen.com/tuna-casserole/index.html]
[preppykitchen.com/broccoli-casserole/index.html]
[preppykitchen.com/baked-rigatoni/index.html]
[preppykitchen.com/lasagna/index.html]
[preppykitchen.com/category/recipes/instant-pot/i]
[preppykitchen.com/hashbrown-casserole/index.html]
[preppykitchen.com/shepherds-pie/index.html]
[preppykitchen.com/chicken-casserole/index.html]
[preppykitchen.com/chicken-spaghetti/index.html]
[preppykitchen.com/category/recipes/instant-pot/window.location.href]
[preppykitchen.com/chicken-tetrazzini/index.html]
[preppykitchen.com/category/recipes/instant-pot/Firefox/index.html]
[preppykitchen.com/tater-tot-casserole/index.html]
[preppykitchen.com/wp-json/wp/v2/categories/4067.json]
[preppykitchen.com/category/recipes/instant-pot/feed/index.html]
[preppykitchen.com/category/recipes/instant-pot/slickstream-code]
[preppykitchen.com/wp-content/uploads/2024/05/Instant-Pot-Cheesecake-Feature-360x495.jpg]
[preppykitchen.com/wp-content/uploads/2019/07/Instant-Pot-Pulled-Pork-700px-Preppy-Kitchen-1-360x495.jpg]
[preppykitchen.com/wp-content/uploads/2019/09/Instant-Pot-Spaghetti-and-Meatballs-700px-Preppy-Kitchen-25-360x495.jpg]
[preppykitchen.com/wp-content/uploads/2020/02/Instant-Pot-Shredded-Chicken-700px-Preppy-Kitchen-2-360x495.jpg]
[preppykitchen.com/wp-content/uploads/2020/02/Instant-Pot-Chicken-Tikka-Masala-700px-Preppy-Kitchen-1-360x495.jpg]
[preppykitchen.com/wp-content/uploads/2020/04/Instant-Pot-Chicken-Curry-700px-Preppy-Kitchen-1-360x495.jpg]
[preppykitchen.com/wp-content/uploads/2019/07/Instant-Pot-Citrus-Chicken-700px-Preppy-Kitchen-1-360x495.jpg]
[preppykitchen.com/wp-content/uploads/2020/03/Instant-Pot-Steel-Cut-Oats-2-700px-Preppy-Kitchen-1-360x495.jpg]
[preppykitchen.com/wp-content/uploads/2020/04/Instant-Pot-Spaghetti-Sauce-1200px-Preppy-Kitchen-3-360x495.jpg]
[preppykitchen.com/wp-content/uploads/2019/07/Instant-Pot-Brown-Rice-700px-Preppy-Kitchen-1-360x495.jpg]
[preppykitchen.com/wp-content/uploads/2019/07/Instant-Pot-Hard-Boiled-Eggs-700px-Preppy-Kitchen-1-360x495.jpg]
[preppykitchen.com/wp-content/uploads/2019/07/Instant-Pot-Baked-Potatoes-700px-Preppy-Kitchen-1-360x495.jpg]
[preppykitchen.com/wp-content/uploads/2020/02/Instant-Pot-Pork-Loin-700px-Preppy-Kitchen-1-360x495.jpg]
[preppykitchen.com/instant-pot-cheesecake/index.html]
[preppykitchen.com/category/recipes/instant-pot/GET]
[preppykitchen.com/instant-pot-pork-tenderloin/index.html]
[preppykitchen.com/instant-pot-spaghetti-and-meatballs/index.html]
[preppykitchen.com/instant-pot-pulled-pork/index.html]
[preppykitchen.com/instant-pot-shredded-chicken/index.html]
[preppykitchen.com/category/recipes/instant-pot/French-Macarons-feature-1200.jpg]
[preppykitchen.com/instant-pot-chicken-curry/index.html]
[preppykitchen.com/instant-pot-chicken-tikka-masala/index.html]
[preppykitchen.com/category/recipes/instant-pot/Double-Chocolate-Chip-Cookies-Feature.jpg]
[preppykitchen.com/instant-pot-chicken-breasts/index.html]
[preppykitchen.com/category/recipes/instant-pot/index.html]
[preppykitchen.com/instant-pot-spaghetti-sauce/index.html]
[preppykitchen.com/instant-pot-steel-cut-oats/index.html]
[preppykitchen.com/instant-pot-brown-rice/index.html]
[preppykitchen.com/instant-pot-hard-boiled-eggs/index.html]
[preppykitchen.com/category/recipes/appetizers/i]
[preppykitchen.com/instant-pot-pork-loin/index.html]
[preppykitchen.com/category/recipes/appetizers/window.location.href]
[preppykitchen.com/instant-pot-baked-potatoes/index.html]
[preppykitchen.com/wp-json/wp/v2/categories/8473.json]
[preppykitchen.com/category/recipes/appetizers/Firefox/index.html]
[preppykitchen.com/category/recipes/appetizers/feed/index.html]
[preppykitchen.com/category/recipes/appetizers/page/2/index.html]
[preppykitchen.com/category/recipes/appetizers/slickstream-code]
[preppykitchen.com/wp-content/uploads/2024/08/Smoked-Salmon-Dip-Feature-360x495.jpg]
[preppykitchen.com/wp-content/uploads/2021/01/salsa-recipe-feature-360x495.jpg]
[preppykitchen.com/wp-content/uploads/2024/03/Hummus-Feature-360x495.jpg]
[preppykitchen.com/wp-content/uploads/2024/03/Air-Fryer-Mozzarella-Sticks-Feature-360x495.jpg]
[preppykitchen.com/wp-content/uploads/2024/02/Air-Fryer-Coconut-Shrimp-Feature-360x495.jpg]
[preppykitchen.com/wp-content/uploads/2024/02/Asparagus-Tart-Feature-360x495.jpg]
[preppykitchen.com/wp-content/uploads/2024/02/Air-Fryer-Jalapeno-Poppers-Feature-360x495.jpg]
[preppykitchen.com/wp-content/uploads/2024/02/Jalapeno-Poppers-Feature-360x495.jpg]
[preppykitchen.com/wp-content/uploads/2024/02/Fried-Pickles-Feature-360x495.jpg]
[preppykitchen.com/wp-content/uploads/2024/01/Air-Fryer-Egg-Rolls-Feature-360x495.jpg]
[preppykitchen.com/wp-content/uploads/2024/01/Beer-Cheese-Dip-Feature-360x495.jpg]
[preppykitchen.com/wp-content/uploads/2023/12/Pimento-Cheese-Feature-360x495.jpg]
[preppykitchen.com/wp-content/uploads/2023/11/Bacon-Wrapped-Dates-Feature-360x495.jpg]
[preppykitchen.com/wp-content/uploads/2023/11/Ham-and-Cheese-Sliders-Feature-360x495.jpg]
[preppykitchen.com/wp-content/uploads/2023/10/Deviled-Eggs-Feature-360x495.jpg]
[preppykitchen.com/wp-content/uploads/2023/09/Pumpkin-Dip-Feature-360x495.jpg]
[preppykitchen.com/wp-content/uploads/2023/09/Zucchini-Fritters-Feature-360x495.jpg]
[preppykitchen.com/wp-content/uploads/2023/07/Bacon-Wrapped-Scallops-Feature-360x495.jpg]
[preppykitchen.com/wp-content/uploads/2023/07/Air-Fryer-Chicken-Wings-Feature-360x495.jpg]
[preppykitchen.com/wp-content/uploads/2023/06/Crab-Cakes-Feature-360x495.jpg]
[preppykitchen.com/wp-content/uploads/2023/06/Shrimp-Ceviche-Feature-360x495.jpg]
[preppykitchen.com/wp-content/uploads/2023/04/Bruschetta-Recipe-Feature-360x495.jpg]
[preppykitchen.com/coconut-shrimp-2/index.html]
[preppykitchen.com/category/recipes/appetizers/GET]
[preppykitchen.com/guacamole/index.html]
[preppykitchen.com/deviled-eggs/index.html]
[preppykitchen.com/category/recipes/appetizers/French-Macarons-feature-1200.jpg]
[preppykitchen.com/smoked-salmon-dip/index.html]
[preppykitchen.com/category/recipes/appetizers/Double-Chocolate-Chip-Cookies-Feature.jpg]
[preppykitchen.com/salsa-recipe/index.html]
[preppykitchen.com/category/recipes/appetizers/index.html]
[preppykitchen.com/hummus/index.html]
[preppykitchen.com/air-fryer-mozzarella-sticks/index.html]
[preppykitchen.com/air-fryer-coconut-shrimp/index.html]
[preppykitchen.com/asparagus-tart/index.html]
[preppykitchen.com/category/recipes/drinks/i]
[preppykitchen.com/air-fryer-jalapeno-poppers/index.html]
[preppykitchen.com/jalapeno-poppers/index.html]
[preppykitchen.com/category/recipes/drinks/window.location.href]
[preppykitchen.com/fried-pickles/index.html]
[preppykitchen.com/air-fryer-egg-rolls/index.html]
[preppykitchen.com/wp-json/wp/v2/categories/5.json]
[preppykitchen.com/beer-cheese-dip/index.html]
[preppykitchen.com/bacon-wrapped-dates/index.html]
[preppykitchen.com/pimento-cheese/index.html]
[preppykitchen.com/category/recipes/drinks/slickstream-code]
[preppykitchen.com/ham-and-cheese-sliders/index.html]
[preppykitchen.com/pumpkin-dip/index.html]
[preppykitchen.com/zucchini-fritters/index.html]
[preppykitchen.com/bacon-wrapped-scallops/index.html]
[preppykitchen.com/wp-content/uploads/2020/07/Apple-cider-feature-360x495.jpg]
[preppykitchen.com/crab-cakes/index.html]
[preppykitchen.com/air-fryer-chicken-wings/index.html]
[preppykitchen.com/shrimp-ceviche/index.html]
[preppykitchen.com/wp-content/uploads/2024/09/Last-Word-Cocktail-Feature-360x495.jpg]
[preppykitchen.com/category/recipes/appetizers/page/3/index.html]
[preppykitchen.com/wp-content/uploads/2024/09/Apple-Martini-Feature-360x495.jpg]
[preppykitchen.com/tomato-bruschetta/index.html]
[preppykitchen.com/category/recipes/drinks/Firefox/index.html]
[preppykitchen.com/wp-content/uploads/2024/07/Pina-Colada-Feature-360x495.jpg]
[preppykitchen.com/category/recipes/drinks/page/2/index.html]
[preppykitchen.com/wp-content/uploads/2022/01/Black-Russian-Feature-360x495.jpg]
[preppykitchen.com/category/recipes/drinks/feed/index.html]
[preppykitchen.com/chocolate-freakshake-recipe/index.html]
[preppykitchen.com/old-fashioned/index.html]
[preppykitchen.com/wp-content/uploads/2022/05/Caipirinha-Feature-360x495.jpg]
[preppykitchen.com/apple-cider/index.html]
[preppykitchen.com/last-word-cocktail/index.html]
[preppykitchen.com/eggnog-cocktail/index.html]
[preppykitchen.com/wp-content/uploads/2022/08/Mojito-Feature-360x495.jpg]
[preppykitchen.com/apple-martini/index.html]
[preppykitchen.com/pina-colada/index.html]
[preppykitchen.com/black-russian/index.html]
[preppykitchen.com/wp-content/uploads/2022/08/Aperol-Spritz-Feature-360x495.jpg]
[preppykitchen.com/caipirinha/index.html]
[preppykitchen.com/mojito-recipe/index.html]
[preppykitchen.com/aperol-spritz/index.html]
[preppykitchen.com/wp-content/uploads/2021/10/Whiskey-Sour-feature-360x495.jpg]
[preppykitchen.com/whiskey-sour/index.html]
[preppykitchen.com/wp-content/uploads/2022/05/Watermelon-Margarita-Feature1-360x495.jpg]
[preppykitchen.com/watermelon-margaritas/index.html]
[preppykitchen.com/wp-content/uploads/2022/08/Gimlet-Feature-360x495.jpg]
[preppykitchen.com/gimlet/index.html]
[preppykitchen.com/wp-content/uploads/2022/08/Hurricane-Cocktail-Feature-360x495.jpg]
[preppykitchen.com/hurricane-drink/index.html]
[preppykitchen.com/wp-content/uploads/2022/01/Martini-Feature-360x495.jpg]
[preppykitchen.com/martini-recipe/index.html]
[preppykitchen.com/wp-content/uploads/2022/02/Aviation-Cocktail-Feature1-360x495.jpg]
[preppykitchen.com/aviation-cocktail/index.html]
[preppykitchen.com/wp-content/uploads/2022/10/Cosmopolitan-Feature-360x495.jpg]
[preppykitchen.com/cosmopolitan/index.html]
[preppykitchen.com/wp-content/uploads/2023/04/Gin-Fizz-Feature-360x495.jpg]
[preppykitchen.com/gin-fizz-cocktail/index.html]
[preppykitchen.com/wp-content/uploads/2021/08/French-Martini-Feature-360x495.jpg]
[preppykitchen.com/french-martini/index.html]
[preppykitchen.com/wp-content/uploads/2021/12/French-75-Feature-360x495.jpg]
[preppykitchen.com/french-75/index.html]
[preppykitchen.com/wp-content/uploads/2021/11/Hot-Toddy-Feature-360x495.jpg]
[preppykitchen.com/hot-toddy/index.html]
[preppykitchen.com/wp-content/uploads/2022/01/Sidecar-Feature-360x495.jpg]
[preppykitchen.com/sidecar/index.html]
[preppykitchen.com/wp-content/uploads/2024/01/Tequila-Sunrise-Feature-360x495.jpg]
[preppykitchen.com/tequila-sunrise/index.html]
[preppykitchen.com/wp-content/uploads/2023/12/Boulevardier-Feature-360x495.jpg]
[preppykitchen.com/boulevardier/index.html]
[preppykitchen.com/wp-content/uploads/2023/12/Kir-Royale-Feature-360x495.jpg]
[preppykitchen.com/kir-royale/index.html]
[preppykitchen.com/wp-content/uploads/2023/12/Mulled-Wine-Feature-360x495.jpg]
[preppykitchen.com/mulled-wine/index.html]
[preppykitchen.com/category/recipes/drinks/page/3/index.html]
[preppykitchen.com/category/recipes/drinks/GET]
[preppykitchen.com/category/recipes/drinks/French-Macarons-feature-1200.jpg]
[preppykitchen.com/category/recipes/drinks/Double-Chocolate-Chip-Cookies-Feature.jpg]
[preppykitchen.com/category/recipes/drinks/index.html]
[preppykitchen.com/category/recipes/holiday/i]
[preppykitchen.com/category/recipes/holiday/window.location.href]
[preppykitchen.com/wp-json/wp/v2/categories/923.json]
[preppykitchen.com/category/recipes/holiday/page/2/index.html]
[preppykitchen.com/category/recipes/holiday/feed/index.html]
[preppykitchen.com/category/recipes/holiday/slickstream-code]
[preppykitchen.com/category/recipes/holiday/Firefox/index.html]
[preppykitchen.com/wp-content/uploads/2018/03/Easter-egg-cake-recipe-500x500.jpg]
[preppykitchen.com/wp-content/uploads/2018/10/Witch-Hat-cupcakes-1x1-500x500.jpg]
[preppykitchen.com/wp-content/uploads/2020/01/Chocolate-Covered-Strawberries-recipe-500x500.jpg]
[preppykitchen.com/wp-content/uploads/2024/10/How-to-Carve-a-Turkey-Feature-360x495.jpg]
[preppykitchen.com/wp-content/uploads/2024/10/Turkey-Seasoning-Feature-360x495.jpg]
[preppykitchen.com/snowflake-cake/index.html]
[preppykitchen.com/wp-content/uploads/2024/10/Turkey-Brine-Feature-360x495.jpg]
[preppykitchen.com/pumpkin-mini-cakes/index.html]
[preppykitchen.com/bunny-ear-cupcakes/index.html]
[preppykitchen.com/turkey-seasoning/index.html]
[preppykitchen.com/category/recipes/holiday/GET]
[preppykitchen.com/how-to-carve-a-turkey/index.html]
[preppykitchen.com/turkey-brine/index.html]
[preppykitchen.com/category/recipes/holiday/page/3/index.html]
[preppykitchen.com/category/recipes/holiday/French-Macarons-feature-1200.jpg]
[preppykitchen.com/category/recipes/holiday/page/12/index.html]
[preppykitchen.com/category/recipes/holiday/Double-Chocolate-Chip-Cookies-Feature.jpg]
[preppykitchen.com/category/recipes/holiday/index.html]
[preppykitchen.com/meet-john/window.location.href]
[preppykitchen.com/wp-content/uploads/2021/04/John-Headshot-2020-for-blog.jpg]
[preppykitchen.com/wp-json/wp/v2/pages/2.json]
[preppykitchen.com/meet-john/feed/index.html]
[preppykitchen.com/wp-json/oembed/1.0/embedce7e.json]
[preppykitchen.com/meet-john/Firefox/index.html]
[preppykitchen.com/wp-json/oembed/1.0/embed3d4b]
[preppykitchen.com/meet-john/slickstream-code]
[preppykitchen.com/wp-content/uploads/2015/09/John-holding-cake.jpg]
[preppykitchen.com/wp-content/uploads/2018/08/boys-about-me-page.jpg]
[preppykitchen.com/pecan-shortbread-cookies/index.html]
[preppykitchen.com/meet-john/GET]
[preppykitchen.com/meet-john/French-Macarons-feature-1200.jpg]
[preppykitchen.com/meet-john/Double-Chocolate-Chip-Cookies-Feature.jpg]
[preppykitchen.com/meet-john/index.html]
[preppykitchen.com/press/window.location.href]
[preppykitchen.com/wp-json/wp/v2/pages/10750.json]
[preppykitchen.com/wp-json/oembed/1.0/embed3977.json]
[preppykitchen.com/press/Firefox/index.html]
[preppykitchen.com/wp-json/oembed/1.0/embed8b74]
[preppykitchen.com/press/slickstream-code]
[preppykitchen.com/wp-content/uploads/2018/08/press-png.png]
[preppykitchen.com/wp-content/uploads/2018/08/GJB_1554-Samantha-Meyers-Zenobia-Dewely-Kellie-Duff-Goldman-Nancy-Fuller-Ben-John-Kanell-Kathryn-Buckner-1-1.jpg]
[preppykitchen.com/press/GET]
[preppykitchen.com/press/index.html]
[preppykitchen.com/my-new-cookbook/index.html]
[preppykitchen.com/cookbook/index.html]
